Job:          3439756
Node:         c301-003.ls6.tacc.utexas.edu
Partition:    gpu-a100-dev
Mode:         smoke
Pairs:        WAA_SAA HOC_WFE EPS_SPS
Models:       fine conformer_a conformer_b
Dataset:      /scratch/11862/rmaahin/finemi-dataset/FineMI_0.5_3hz (18 files)
Results:      /work/11862/rmaahin/ls6/FineMI-enhancements/Conformer_0.5_3hz/results/smoke
GPUs:
GPU 0: NVIDIA A100-PCIE-40GB (UUID: GPU-68905ce7-c192-4b9d-e032-d852548f0dbb)
GPU 1: NVIDIA A100-PCIE-40GB (UUID: GPU-ee7a93a5-58ed-433a-3598-298621b998fb)
GPU 2: NVIDIA A100-PCIE-40GB (UUID: GPU-43b27998-c1c8-c792-1e65-d52af0825309)
GPU 0: pairs=[WAA_SAA] models=[fine conformer_a conformer_b] -> results/smoke/logs/gpu0_3439756.log
GPU 1: pairs=[HOC_WFE] models=[fine conformer_a conformer_b] -> results/smoke/logs/gpu1_3439756.log
GPU 2: pairs=[EPS_SPS] models=[fine conformer_a conformer_b] -> results/smoke/logs/gpu2_3439756.log
Workers launched: PIDs 1409563 1409564 1409565

Building comparison table...

comparison written to /work/11862/rmaahin/ls6/FineMI-enhancements/Conformer_0.5_3hz/results/smoke/comparison
window                 800    avg
pair    model                    
WAA_SAA fine         55.56  55.56
        conformer_a  22.22  22.22
        conformer_b  33.33  33.33
HOC_WFE fine         50.00  50.00
        conformer_a  38.89  38.89
        conformer_b  44.44  44.44
EPS_SPS fine         38.89  38.89
        conformer_a  50.00  50.00
        conformer_b  44.44  44.44
All runs completed: results/smoke/comparison/comparison_table.md
