Job:          3439893
Node:         c301-003.ls6.tacc.utexas.edu
Partition:    gpu-a100-dev
Mode:         full
Pairs:        WAA_SAA HOC_WFE EPS_SPS
Models:       fine conformer_a conformer_b
Dataset:      /scratch/11862/rmaahin/finemi-dataset/FineMI_0.5_3hz (18 files)
Results:      /work/11862/rmaahin/ls6/FineMI-enhancements/Conformer_0.5_3hz/results/full
GPUs:
GPU 0: NVIDIA A100-PCIE-40GB (UUID: GPU-68905ce7-c192-4b9d-e032-d852548f0dbb)
GPU 1: NVIDIA A100-PCIE-40GB (UUID: GPU-ee7a93a5-58ed-433a-3598-298621b998fb)
GPU 2: NVIDIA A100-PCIE-40GB (UUID: GPU-43b27998-c1c8-c792-1e65-d52af0825309)
GPU 0: pairs=[WAA_SAA] models=[fine conformer_a conformer_b] -> results/full/logs/gpu0_3439893.log
GPU 1: pairs=[HOC_WFE] models=[fine conformer_a conformer_b] -> results/full/logs/gpu1_3439893.log
GPU 2: pairs=[EPS_SPS] models=[fine conformer_a conformer_b] -> results/full/logs/gpu2_3439893.log
Workers launched: PIDs 1411640 1411641 1411642

Building comparison table...

comparison written to /work/11862/rmaahin/ls6/FineMI-enhancements/Conformer_0.5_3hz/results/full/comparison
window                 800   1500   3000   4000    avg
pair    model                                         
WAA_SAA fine         65.79  71.23  68.78  69.12  68.73
        conformer_a  63.47  72.65  73.60  73.15  70.72
        conformer_b  65.61  70.73  69.44  70.14  68.98
HOC_WFE fine         61.25  60.04  58.75  58.60  59.66
        conformer_a  60.81  61.00  62.12  62.43  61.59
        conformer_b  63.22  63.50  57.46  59.84  61.00
EPS_SPS fine         66.05  67.62  65.40  65.15  66.06
        conformer_a  63.18  68.83  70.29  70.46  68.19
        conformer_b  65.93  68.93  67.19  67.39  67.36
All runs completed: results/full/comparison/comparison_table.md
