Job:          vast-full
Node:         2d4b4dc6e19e
Partition:    ?
Started:      Tue Sep 22 19:19:00 UTC 2026
Mode:         full
Model:        conformer_b_slim (25,752 parameters)
Pairs:        28 selected, 28 still to do
Pending:      HOC_WFE HOC_WAA HOC_EPS HOC_EFE HOC_SPS HOC_SAA HOC_SFE WFE_WAA WFE_EPS WFE_EFE WFE_SPS WFE_SAA WFE_SFE WAA_EPS WAA_EFE WAA_SPS WAA_SAA WAA_SFE EPS_EFE EPS_SPS EPS_SAA EPS_SFE EFE_SPS EFE_SAA EFE_SFE SPS_SAA SPS_SFE SAA_SFE
Overwrite:    0
Dataset:      /workspace/FineMI_0.5_3hz (18 files)
Results:      /workspace/FineMI-enhancements/Slim_conformer_fine/results/full
GPUs:
GPU 0: NVIDIA A100-SXM4-40GB (UUID: GPU-6e5f2688-3880-0553-7fb0-9223ecfb09a9)
GPU 1: NVIDIA A100-SXM4-40GB (UUID: GPU-a7c01eb4-0c7f-0be1-a20d-d6141d0d4566)

Step 1: preflight Tue Sep 22 19:19:00 UTC 2026
========================================================================
PREFLIGHT  model=conformer_b_slim  dataset=/workspace/FineMI_0.5_3hz
  decim 5: 250 -> 50 Hz | windows [800, 1500, 3000, 4000] ms = [40, 75, 150, 200] samples | full: 5 folds x 50 epochs
========================================================================

--- packages ---
[ok]   packages: python 3.12.14, torch 2.8.0+cu128, numpy 2.0.2, scipy 1.13.1, sklearn 1.6.1, pandas 2.3.3  (0.7s)

--- device ---
[ok]   device: NVIDIA A100-SXM4-40GB, 42.4 GB, cuda 12.8, visible devices 1  (0.2s)

--- results folder writable ---
[ok]   results folder writable: /workspace/FineMI-enhancements/Slim_conformer_fine/results/full  (0.0s)

--- pairs ---
[ok]   pairs: 28 pairs, HOC_WFE ... SAA_SFE  (0.0s)

--- data (all subjects) ---

Found 18 subject .npz files (0.5_3hz) in /workspace/FineMI_0.5_3hz; decimating by 5
[ok]   data (all subjects): 18 subjects, (C=62, T=226 @ 50 Hz, was 1126), trials/class 40-45  (17.0s)

--- reference results (Conformer A / B) ---
[ok]   reference results (Conformer A / B): Conformer A and B results found for 28 pair(s) in /workspace/FineMI-enhancements/Conformer_decimated_CWT/results/full  (0.0s)

--- model: 25,752 parameters, every window ---
  conformer_b_slim   800 ms  T= 40  tokens  13  params 25,752  peak 0.07 GB
  conformer_b_slim  1500 ms  T= 75  tokens  25  params 25,752  peak 0.08 GB
  conformer_b_slim  3000 ms  T=150  tokens  50  params 25,752  peak 0.08 GB
  conformer_b_slim  4000 ms  T=200  tokens  66  params 25,752  peak 0.09 GB
[ok]   model: 25,752 parameters, every window: 25,752 parameters at every window; forward, backward and Adam step ok  (2.0s)

--- determinism ---
[ok]   determinism: bit-identical weights after 3 training steps  (0.1s)

========================================================================
  [ok  ] packages: python 3.12.14, torch 2.8.0+cu128, numpy 2.0.2, scipy 1.13.1, sklearn 1.6.1, pandas 2.3.3
  [ok  ] device: NVIDIA A100-SXM4-40GB, 42.4 GB, cuda 12.8, visible devices 1
  [ok  ] results folder writable: /workspace/FineMI-enhancements/Slim_conformer_fine/results/full
  [ok  ] pairs: 28 pairs, HOC_WFE ... SAA_SFE
  [ok  ] data (all subjects): 18 subjects, (C=62, T=226 @ 50 Hz, was 1126), trials/class 40-45
  [ok  ] reference results (Conformer A / B): Conformer A and B results found for 28 pair(s) in /workspace/FineMI-enhancements/Conformer_decimated_CWT/results/full
  [ok  ] model: 25,752 parameters, every window: 25,752 parameters at every window; forward, backward and Adam step ok
  [ok  ] determinism: bit-identical weights after 3 training steps
========================================================================
PREFLIGHT PASSED

Step 2: training Tue Sep 22 19:19:22 UTC 2026
GPU 0: pairs=[HOC_WFE HOC_EPS HOC_SPS HOC_SFE WFE_EPS WFE_SPS WFE_SFE WAA_EFE WAA_SAA EPS_EFE EPS_SAA EFE_SPS EFE_SFE SPS_SFE] -> results/full/logs/gpu0_vast-full.log
GPU 1: pairs=[HOC_WAA HOC_EFE HOC_SAA WFE_WAA WFE_EFE WFE_SAA WAA_EPS WAA_SPS WAA_SFE EPS_SPS EPS_SFE EFE_SAA SPS_SAA SAA_SFE] -> results/full/logs/gpu1_vast-full.log
Workers launched: PIDs 13678 13679
Workers finished: Tue Sep 22 23:52:09 UTC 2026

Step 3: checking outputs Tue Sep 22 23:52:09 UTC 2026
check_results (full): 28/28 pair runs present, expecting 18 subjects each
CHECK PASSED: every run is complete

Step 4: comparison with Conformer A and B Tue Sep 22 23:52:09 UTC 2026
compare_to_reference: written /workspace/FineMI-enhancements/Slim_conformer_fine/results/full/comparison/vs_reference.md

Mean accuracy pooled over the selected pairs:
             800 ms  1500 ms  3000 ms  4000 ms    Avg
Slim B        61.78    64.80    64.40    63.94  63.73
Conformer A   63.05    66.61    67.96    67.80  66.35
Conformer B   63.83    66.68    66.46    66.11  65.77

Pooled differences (Slim minus reference):
                            diff  ci_lo  ci_hi  p_holm  n_slim_better  n_ref_better
contrast           window                                                          
Slim - Conformer A 800    -1.270 -1.780 -0.759     0.0              2            16
                   1500   -1.809 -2.698 -0.920     0.0              2            15
                   3000   -3.553 -4.606 -2.501     0.0              1            17
                   4000   -3.857 -4.873 -2.840     0.0              0            18
                   avg    -2.622 -3.176 -2.069     0.0              0            18
Slim - Conformer B 800    -2.056 -2.638 -1.474     0.0              1            17
                   1500   -1.874 -2.663 -1.084     0.0              1            17
                   3000   -2.060 -2.566 -1.555     0.0              0            18
                   4000   -2.165 -2.737 -1.592     0.0              1            17
                   avg    -2.039 -2.401 -1.677     0.0              0            18

- Slim vs Conformer A: WORSE: the whole interval is below -1 (-2.07 upper end).
- Slim vs Conformer B: WORSE: the whole interval is below -1 (-1.68 upper end).

All runs completed Tue Sep 22 23:52:11 UTC 2026: results/full/comparison/vs_reference.md
