run_pairs_range: model=conformer_a mode=smoke range=[0, 10) -> pairs [0]
  dataset_root=/scratch/11862/rmaahin/finemi-dataset/FineMI
  results_root=/work/11862/rmaahin/ls6/FineMI-enhancements/ConformerEEG/experiments/option_a/results/smoke
  config=/work/11862/rmaahin/ls6/FineMI-enhancements/ConformerEEG/experiments/option_a/config_smoke.json

##### pair_idx=0 (HOC_WFE) #####

Using device: cuda | gpu=NVIDIA A100-PCIE-40GB | torch=2.8.0+cu128
NOTE: determinism holds per-GPU-model. Record this GPU name.

PAIR: HOC/WFE  (classes 0 vs 1)  model=conformer_a  mode=smoke
Test time windows: [800] ms
Test time windows (samples): [200]

Found 0 subject folders
No subject folders; found 18 subject .npz files

BINARY CLASSIFICATION: Class 0 vs Class 1  (HOC/WFE)
  Class 0 (original 0): 725 trials
  Class 1 (original 1): 725 trials

Extracted time windows:
  800ms (200 samples): shape (1450, 62, 200)

Model configuration:
  Model: conformer_a
  Channels: 62
  Subjects: [1]
  Time windows: [800] ms
  Classes: 2 (Binary: Class 0 vs Class 1)
  Folds: 1
  Batch size: 32
  Epochs per subject per time window: 2
    S1 800ms fold1 ep  1/2: train_loss=1.0727 train_acc= 49.07% val_loss=0.7478 val_acc= 55.56% lr=1.00e-03
    S1 800ms fold1 ep  2/2: train_loss=0.8957 train_acc= 59.26% val_loss=0.6915 val_acc= 66.67% lr=1.00e-03
  S1 800ms fold1/1: best_val= 66.67% (ep2) test= 61.11%
S 1: 800ms= 61.11%   (62s)

ALL SUBJECTS COMPLETED — HOC/WFE  (62s)

====================================================================
SAVED HOC/WFE -> /work/11862/rmaahin/ls6/FineMI-enhancements/ConformerEEG/experiments/option_a/results/smoke/HOC_WFE
gpu=NVIDIA A100-PCIE-40GB | torch=2.8.0+cu128 | seed=42 | model=conformer_a | mode=smoke
====================================================================
window_ms    800
subject         
1          61.11

mean: {800: 61.11}
sd  : {800: nan}

Pairs saved so far in /work/11862/rmaahin/ls6/FineMI-enhancements/ConformerEEG/experiments/option_a/results/smoke: 3/28

Done: pairs [0]
