run_pairs_range: model=conformer_a mode=smoke range=[10, 19) -> pairs [10]
  dataset_root=/scratch/11862/rmaahin/finemi-dataset/FineMI
  results_root=/work/11862/rmaahin/ls6/FineMI-enhancements/ConformerEEG/experiments/option_a/results/smoke
  config=/work/11862/rmaahin/ls6/FineMI-enhancements/ConformerEEG/experiments/option_a/config_smoke.json

##### pair_idx=10 (WFE_SPS) #####

Using device: cuda | gpu=NVIDIA A100-PCIE-40GB | torch=2.8.0+cu128
NOTE: determinism holds per-GPU-model. Record this GPU name.

PAIR: WFE/SPS  (classes 1 vs 5)  model=conformer_a  mode=smoke
Test time windows: [800] ms
Test time windows (samples): [200]

Found 0 subject folders
No subject folders; found 18 subject .npz files

BINARY CLASSIFICATION: Class 1 vs Class 5  (WFE/SPS)
  Class 0 (original 1): 725 trials
  Class 1 (original 5): 725 trials

Extracted time windows:
  800ms (200 samples): shape (1450, 62, 200)

Model configuration:
  Model: conformer_a
  Channels: 62
  Subjects: [1]
  Time windows: [800] ms
  Classes: 2 (Binary: Class 1 vs Class 5)
  Folds: 1
  Batch size: 32
  Epochs per subject per time window: 2
    S1 800ms fold1 ep  1/2: train_loss=1.0728 train_acc= 49.07% val_loss=0.9070 val_acc= 50.00% lr=1.00e-03
    S1 800ms fold1 ep  2/2: train_loss=0.9480 train_acc= 56.48% val_loss=0.7717 val_acc= 50.00% lr=1.00e-03
  S1 800ms fold1/1: best_val= 50.00% (ep1) test= 50.00%
S 1: 800ms= 50.00%   (62s)

ALL SUBJECTS COMPLETED — WFE/SPS  (62s)

====================================================================
SAVED WFE/SPS -> /work/11862/rmaahin/ls6/FineMI-enhancements/ConformerEEG/experiments/option_a/results/smoke/WFE_SPS
gpu=NVIDIA A100-PCIE-40GB | torch=2.8.0+cu128 | seed=42 | model=conformer_a | mode=smoke
====================================================================
window_ms   800
subject        
1          50.0

mean: {800: 50.0}
sd  : {800: nan}

Pairs saved so far in /work/11862/rmaahin/ls6/FineMI-enhancements/ConformerEEG/experiments/option_a/results/smoke: 3/28

Done: pairs [10]
