verify_determinism: model=conformer_a mode=smoke pair_idx=16 (WAA_SAA)
  output: /work/11862/rmaahin/ls6/FineMI-enhancements/ConformerEEG/experiments/option_a/results/smoke/_determinism

===== run 1/2 -> /work/11862/rmaahin/ls6/FineMI-enhancements/ConformerEEG/experiments/option_a/results/smoke/_determinism/run1 =====

Using device: cuda | gpu=NVIDIA A100-PCIE-40GB | torch=2.8.0+cu128
NOTE: determinism holds per-GPU-model. Record this GPU name.

PAIR: WAA/SAA  (classes 2 vs 6)  model=conformer_a  mode=smoke
Test time windows: [800] ms
Test time windows (samples): [200]

Found 0 subject folders
No subject folders; found 18 subject .npz files

BINARY CLASSIFICATION: Class 2 vs Class 6  (WAA/SAA)
  Class 0 (original 2): 725 trials
  Class 1 (original 6): 725 trials

Extracted time windows:
  800ms (200 samples): shape (1450, 62, 200)

Model configuration:
  Model: conformer_a
  Channels: 62
  Subjects: [1]
  Time windows: [800] ms
  Classes: 2 (Binary: Class 2 vs Class 6)
  Folds: 1
  Batch size: 32
  Epochs per subject per time window: 2
    S1 800ms fold1 ep  1/2: train_loss=1.2463 train_acc= 45.37% val_loss=0.7305 val_acc= 61.11% lr=1.00e-03
    S1 800ms fold1 ep  2/2: train_loss=1.0475 train_acc= 51.85% val_loss=0.7825 val_acc= 50.00% lr=1.00e-03
  S1 800ms fold1/1: best_val= 61.11% (ep1) test= 38.89%
S 1: 800ms= 38.89%   (59s)

ALL SUBJECTS COMPLETED — WAA/SAA  (59s)

====================================================================
SAVED WAA/SAA -> /work/11862/rmaahin/ls6/FineMI-enhancements/ConformerEEG/experiments/option_a/results/smoke/_determinism/run1/WAA_SAA
gpu=NVIDIA A100-PCIE-40GB | torch=2.8.0+cu128 | seed=42 | model=conformer_a | mode=smoke
====================================================================
window_ms    800
subject         
1          38.89

mean: {800: 38.89}
sd  : {800: nan}

Pairs saved so far in /work/11862/rmaahin/ls6/FineMI-enhancements/ConformerEEG/experiments/option_a/results/smoke/_determinism/run1: 1/28

===== run 2/2 -> /work/11862/rmaahin/ls6/FineMI-enhancements/ConformerEEG/experiments/option_a/results/smoke/_determinism/run2 =====

Using device: cuda | gpu=NVIDIA A100-PCIE-40GB | torch=2.8.0+cu128
NOTE: determinism holds per-GPU-model. Record this GPU name.

PAIR: WAA/SAA  (classes 2 vs 6)  model=conformer_a  mode=smoke
Test time windows: [800] ms
Test time windows (samples): [200]

Found 0 subject folders
No subject folders; found 18 subject .npz files

BINARY CLASSIFICATION: Class 2 vs Class 6  (WAA/SAA)
  Class 0 (original 2): 725 trials
  Class 1 (original 6): 725 trials

Extracted time windows:
  800ms (200 samples): shape (1450, 62, 200)

Model configuration:
  Model: conformer_a
  Channels: 62
  Subjects: [1]
  Time windows: [800] ms
  Classes: 2 (Binary: Class 2 vs Class 6)
  Folds: 1
  Batch size: 32
  Epochs per subject per time window: 2
    S1 800ms fold1 ep  1/2: train_loss=1.2463 train_acc= 45.37% val_loss=0.7305 val_acc= 61.11% lr=1.00e-03
    S1 800ms fold1 ep  2/2: train_loss=1.0475 train_acc= 51.85% val_loss=0.7825 val_acc= 50.00% lr=1.00e-03
  S1 800ms fold1/1: best_val= 61.11% (ep1) test= 38.89%
S 1: 800ms= 38.89%   (6s)

ALL SUBJECTS COMPLETED — WAA/SAA  (6s)

====================================================================
SAVED WAA/SAA -> /work/11862/rmaahin/ls6/FineMI-enhancements/ConformerEEG/experiments/option_a/results/smoke/_determinism/run2/WAA_SAA
gpu=NVIDIA A100-PCIE-40GB | torch=2.8.0+cu128 | seed=42 | model=conformer_a | mode=smoke
====================================================================
window_ms    800
subject         
1          38.89

mean: {800: 38.89}
sd  : {800: nan}

Pairs saved so far in /work/11862/rmaahin/ls6/FineMI-enhancements/ConformerEEG/experiments/option_a/results/smoke/_determinism/run2: 1/28

max |diff| = 0.0 pp
OK
verify_determinism: model=conformer_b mode=smoke pair_idx=16 (WAA_SAA)
  output: /work/11862/rmaahin/ls6/FineMI-enhancements/ConformerEEG/experiments/option_b/results/smoke/_determinism

===== run 1/2 -> /work/11862/rmaahin/ls6/FineMI-enhancements/ConformerEEG/experiments/option_b/results/smoke/_determinism/run1 =====

Using device: cuda | gpu=NVIDIA A100-PCIE-40GB | torch=2.8.0+cu128
NOTE: determinism holds per-GPU-model. Record this GPU name.

PAIR: WAA/SAA  (classes 2 vs 6)  model=conformer_b  mode=smoke
Test time windows: [800] ms
Test time windows (samples): [200]

Found 0 subject folders
No subject folders; found 18 subject .npz files

BINARY CLASSIFICATION: Class 2 vs Class 6  (WAA/SAA)
  Class 0 (original 2): 725 trials
  Class 1 (original 6): 725 trials

Extracted time windows:
  800ms (200 samples): shape (1450, 62, 200)

Model configuration:
  Model: conformer_b
  Channels: 62
  Subjects: [1]
  Time windows: [800] ms
  Classes: 2 (Binary: Class 2 vs Class 6)
  Folds: 1
  Batch size: 32
  Epochs per subject per time window: 2
    S1 800ms fold1 ep  1/2: train_loss=0.7032 train_acc= 51.85% val_loss=0.6936 val_acc= 33.33% lr=1.00e-03
    S1 800ms fold1 ep  2/2: train_loss=0.6841 train_acc= 59.26% val_loss=0.6939 val_acc= 50.00% lr=1.00e-03
  S1 800ms fold1/1: best_val= 50.00% (ep2) test= 50.00%
S 1: 800ms= 50.00%   (9s)

ALL SUBJECTS COMPLETED — WAA/SAA  (9s)

====================================================================
SAVED WAA/SAA -> /work/11862/rmaahin/ls6/FineMI-enhancements/ConformerEEG/experiments/option_b/results/smoke/_determinism/run1/WAA_SAA
gpu=NVIDIA A100-PCIE-40GB | torch=2.8.0+cu128 | seed=42 | model=conformer_b | mode=smoke
====================================================================
window_ms   800
subject        
1          50.0

mean: {800: 50.0}
sd  : {800: nan}

Pairs saved so far in /work/11862/rmaahin/ls6/FineMI-enhancements/ConformerEEG/experiments/option_b/results/smoke/_determinism/run1: 1/28

===== run 2/2 -> /work/11862/rmaahin/ls6/FineMI-enhancements/ConformerEEG/experiments/option_b/results/smoke/_determinism/run2 =====

Using device: cuda | gpu=NVIDIA A100-PCIE-40GB | torch=2.8.0+cu128
NOTE: determinism holds per-GPU-model. Record this GPU name.

PAIR: WAA/SAA  (classes 2 vs 6)  model=conformer_b  mode=smoke
Test time windows: [800] ms
Test time windows (samples): [200]

Found 0 subject folders
No subject folders; found 18 subject .npz files

BINARY CLASSIFICATION: Class 2 vs Class 6  (WAA/SAA)
  Class 0 (original 2): 725 trials
  Class 1 (original 6): 725 trials

Extracted time windows:
  800ms (200 samples): shape (1450, 62, 200)

Model configuration:
  Model: conformer_b
  Channels: 62
  Subjects: [1]
  Time windows: [800] ms
  Classes: 2 (Binary: Class 2 vs Class 6)
  Folds: 1
  Batch size: 32
  Epochs per subject per time window: 2
    S1 800ms fold1 ep  1/2: train_loss=0.7032 train_acc= 51.85% val_loss=0.6936 val_acc= 33.33% lr=1.00e-03
    S1 800ms fold1 ep  2/2: train_loss=0.6841 train_acc= 59.26% val_loss=0.6939 val_acc= 50.00% lr=1.00e-03
  S1 800ms fold1/1: best_val= 50.00% (ep2) test= 50.00%
S 1: 800ms= 50.00%   (6s)

ALL SUBJECTS COMPLETED — WAA/SAA  (6s)

====================================================================
SAVED WAA/SAA -> /work/11862/rmaahin/ls6/FineMI-enhancements/ConformerEEG/experiments/option_b/results/smoke/_determinism/run2/WAA_SAA
gpu=NVIDIA A100-PCIE-40GB | torch=2.8.0+cu128 | seed=42 | model=conformer_b | mode=smoke
====================================================================
window_ms   800
subject        
1          50.0

mean: {800: 50.0}
sd  : {800: nan}

Pairs saved so far in /work/11862/rmaahin/ls6/FineMI-enhancements/ConformerEEG/experiments/option_b/results/smoke/_determinism/run2: 1/28

max |diff| = 0.0 pp
OK
