Job:          3453286
Node:         c301-003.ls6.tacc.utexas.edu
Partition:    gpu-a100-dev
Started:      Fri Sep 18 01:06:44 CDT 2026
Mode:         full
Arms:         cwt
Pairs:        HOC_SPS WAA_SAA EPS_SPS
Shards:       3 (on 3 GPUs)
Dataset:      /scratch/11862/rmaahin/finemi-dataset/FineMI_0.5_3hz (18 files)
Results:      /work/11862/rmaahin/ls6/FineMI-enhancements/CWT-modified/results_decim1
Decimation:   D=1 (250 Hz)
Best ckpt:    0
GPUs:
GPU 0: NVIDIA A100-PCIE-40GB (UUID: GPU-68905ce7-c192-4b9d-e032-d852548f0dbb)
GPU 1: NVIDIA A100-PCIE-40GB (UUID: GPU-ee7a93a5-58ed-433a-3598-298621b998fb)
GPU 2: NVIDIA A100-PCIE-40GB (UUID: GPU-43b27998-c1c8-c792-1e65-d52af0825309)

Self-test...
device=cuda | gpu=NVIDIA A100-PCIE-40GB | torch=2.8.0+cu128
VRAM=42.4 GB | sm_80 | cuda=12.8
CWT_CHUNK=64
band=0.5_3hz | decim=1 (250 -> 250 Hz) | window=1000 samples | cue=0 | best_ckpt=0 | pipeline_version=4
NOTE: determinism holds per-GPU-model. Run BOTH arms on this same GPU model (NVIDIA A100-PCIE-40GB); results from a different card are not bit-comparable.
dataset: /scratch/11862/rmaahin/finemi-dataset/FineMI_0.5_3hz
results: /work/11862/rmaahin/ls6/FineMI-enhancements/CWT-modified/results_decim1

====================================================================
SELF-TESTS
====================================================================
band 0.5_3hz | decim 1: 250 -> 250 Hz | window 1000 samples = 4000 ms
kernel K=2389 (9.6 s), pad=1194
freqs 0.50-3.00 Hz x24 | sigma_t 0.37-0.95 s | per-row half-support 465-1194 samples
context [0:1000] = 1000 -> (C, 24, 1000) @ 250 Hz
[ok] FINE-1D receptive field 42 samples = 168 ms @ 250 Hz, 168 ms @ 250 Hz
[ok] 24 kernels zero-mean and L1-normalised
[ok] kernel bank:  0.7 Hz -> peak row  0.68 Hz (response 0.995)
[ok] kernel bank:  1.0 Hz -> peak row  1.01 Hz (response 0.999)
[ok] kernel bank:  2.0 Hz -> peak row  2.03 Hz (response 0.995)
[ok] kernel bank:  3.0 Hz -> peak row  3.00 Hz (response 1.000)
[ok]  1.0 Hz sine (4 s, edge-affected) -> peak row  1.01 Hz
[ok]  2.0 Hz sine (4 s, edge-affected) -> peak row  2.03 Hz
[ok] decimated context loads as (8, 62, 1000) (C=62, T=1000)
[ok] causal + local (3.0 Hz row): sample t=500 moves cols 178..824 (support 35..965); off-support leakage 1.0e-03 = round-off
[ok] result independent of CWT chunk size
[ok] scale invariance: 1000x gain -> constant log offset 6.9078+-5.4e-05; post-z-score p99.99=1.2e-05, max=1.3e-03
[ok] raw: (8, 62, 1000) -> (4, 2) | 155,714 params | 0.25 MB/trial | fwd+bwd deterministic
     peak VRAM 1.98 GB
[ok] cwt: (8, 62, 24, 1000) -> (4, 2) | 193,218 params | 5.95 MB/trial | fwd+bwd deterministic
     peak VRAM 2.04 GB

ALL SELF-TESTS PASSED

ARM 'cwt' starting Fri Sep 18 01:06:54 CDT 2026 (3 shard(s))
  shard 1/3 -> GPU 0 -> /work/11862/rmaahin/ls6/FineMI-enhancements/CWT-modified/results_decim1/logs/cwt_shard1_3453286.log
  shard 2/3 -> GPU 1 -> /work/11862/rmaahin/ls6/FineMI-enhancements/CWT-modified/results_decim1/logs/cwt_shard2_3453286.log
  shard 3/3 -> GPU 2 -> /work/11862/rmaahin/ls6/FineMI-enhancements/CWT-modified/results_decim1/logs/cwt_shard3_3453286.log
ARM 'cwt' finished Fri Sep 18 01:27:58 CDT 2026

Aggregating...
loaded raw=0 pairs, cwt=3 pairs

=== PER-PAIR (accuracy %, pooled over folds; raw = decimated 0.5-3 Hz, cwt = Morlet 0.5-3 Hz) ===
   pair proximity  n_subj  shallow  fine_paper  cwt_acc
HOC/SPS   distant      18    65.49       68.51   66.798
WAA/SAA   distant      18    60.56       63.06   62.948
EPS/SPS  adjacent      18    59.24       62.25   62.840

=== EXTRA METRICS ===
   pair  cwt_acc  cwt_kappa  cwt_f1  cwt_sens  cwt_spec
HOC/SPS   66.798      0.336  66.664    66.574    67.022
WAA/SAA   62.948      0.259  62.845    64.090    61.806
EPS/SPS   62.840      0.257  62.761    62.454    63.225
cwt vs ShallowConvNet (8-30 Hz paper): better on 3/3 pairs (mean +2.43 pp) [reference only]
cwt vs FINE (8-30 Hz paper)          : better on 1/3 pairs (mean -0.41 pp) [reference only]

=== PER-SUBJECT across task pairs (the paper's Fig. 3) ===
mode  subject  mean    sd  n_pairs
 cwt        1 55.93  5.01        3
 cwt        2 63.33  3.61        3
 cwt        3 56.25  8.20        3
 cwt        4 71.25  9.01        3
 cwt        5 70.83  2.89        3
 cwt        6 59.58  8.32        3
 cwt        7 65.42  6.88        3
 cwt        8 57.92  2.60        3
 cwt        9 48.33  8.32        3
 cwt       10 69.58 10.78        3
 cwt       11 66.25  3.31        3
 cwt       12 64.58  7.64        3
 cwt       13 64.58  1.91        3
 cwt       14 64.17  5.91        3
 cwt       15 70.83  3.82        3
 cwt       16 60.83 19.13        3
 cwt       17 62.50  4.33        3
 cwt       18 83.33  5.05        3

wrote comparison_table.csv, per_pair_summary.csv, per_subject_summary.csv, metrics_long.csv -> /work/11862/rmaahin/ls6/FineMI-enhancements/CWT-modified/results_decim1
All done Fri Sep 18 01:28:09 CDT 2026: results/comparison_table.csv, per_pair_summary.csv, per_subject_summary.csv
