Job:          3454832
Node:         c317-003.ls6.tacc.utexas.edu
Partition:    gpu-a100
Started:      Sat Sep 19 01:02:05 CDT 2026
Mode:         full
Arms:         raw cwt
Pairs:        all
Shards:       3 (on 3 GPUs)
Dataset:      /scratch/11862/rmaahin/finemi-dataset/FineMI_0.5_3hz (18 files)
Results:      /work/11862/rmaahin/ls6/FineMI-enhancements/CWT-modified/results
Decimation:   D=5 (50 Hz)
Best ckpt:    0
GPUs:
GPU 0: NVIDIA A100-PCIE-40GB (UUID: GPU-0beea01d-c70a-15e9-92b7-88d7d7fb7988)
GPU 1: NVIDIA A100-PCIE-40GB (UUID: GPU-59ca9a10-ddb6-775a-6948-2600af334485)
GPU 2: NVIDIA A100-PCIE-40GB (UUID: GPU-971189ce-ca87-9fdd-5d37-6e68100cd565)

Self-test...
device=cuda | gpu=NVIDIA A100-PCIE-40GB | torch=2.8.0+cu128
VRAM=42.4 GB | sm_80 | cuda=12.8
CWT_CHUNK=64
band=0.5_3hz | decim=5 (250 -> 50 Hz) | window=200 samples | cue=0 | best_ckpt=0 | pipeline_version=4
NOTE: determinism holds per-GPU-model. Run BOTH arms on this same GPU model (NVIDIA A100-PCIE-40GB); results from a different card are not bit-comparable.
dataset: /scratch/11862/rmaahin/finemi-dataset/FineMI_0.5_3hz
results: /work/11862/rmaahin/ls6/FineMI-enhancements/CWT-modified/results

====================================================================
SELF-TESTS
====================================================================
band 0.5_3hz | decim 5: 250 -> 50 Hz | window 200 samples = 4000 ms
kernel K=479 (9.6 s), pad=239
freqs 0.50-3.00 Hz x24 | sigma_t 0.37-0.95 s | per-row half-support 93-239 samples
context [0:200] = 200 -> (C, 24, 200) @ 50 Hz
[ok] FINE-1D receptive field 42 samples = 168 ms @ 250 Hz, 840 ms @ 50 Hz
[ok] 24 kernels zero-mean and L1-normalised
[ok] kernel bank:  0.7 Hz -> peak row  0.68 Hz (response 0.995)
[ok] kernel bank:  1.0 Hz -> peak row  1.01 Hz (response 0.999)
[ok] kernel bank:  2.0 Hz -> peak row  2.03 Hz (response 0.995)
[ok] kernel bank:  3.0 Hz -> peak row  3.00 Hz (response 1.000)
[ok]  1.0 Hz sine (4 s, edge-affected) -> peak row  1.01 Hz
[ok]  2.0 Hz sine (4 s, edge-affected) -> peak row  2.03 Hz
[ok] decimated context loads as (8, 62, 200) (C=62, T=200)
[ok] causal + local (3.0 Hz row): sample t=100 moves cols 34..167 (support 7..193); off-support leakage 2.4e-04 = round-off
[ok] result independent of CWT chunk size
[ok] scale invariance: 1000x gain -> constant log offset 6.9077+-1.6e-05; post-z-score p99.99=4.2e-05, max=2.3e-03
[ok] raw: (8, 62, 200) -> (4, 2) | 155,714 params | 0.05 MB/trial | fwd+bwd deterministic
     peak VRAM 0.50 GB
[ok] cwt: (8, 62, 24, 200) -> (4, 2) | 193,218 params | 1.19 MB/trial | fwd+bwd deterministic
     peak VRAM 0.57 GB

ALL SELF-TESTS PASSED

ARM 'raw' starting Sat Sep 19 01:05:00 CDT 2026 (3 shard(s))
  shard 1/3 -> GPU 0 -> /work/11862/rmaahin/ls6/FineMI-enhancements/CWT-modified/results/logs/raw_shard1_3454832.log
  shard 2/3 -> GPU 1 -> /work/11862/rmaahin/ls6/FineMI-enhancements/CWT-modified/results/logs/raw_shard2_3454832.log
  shard 3/3 -> GPU 2 -> /work/11862/rmaahin/ls6/FineMI-enhancements/CWT-modified/results/logs/raw_shard3_3454832.log
ARM 'raw' finished Sat Sep 19 01:26:49 CDT 2026

ARM 'cwt' starting Sat Sep 19 01:26:49 CDT 2026 (3 shard(s))
  shard 1/3 -> GPU 0 -> /work/11862/rmaahin/ls6/FineMI-enhancements/CWT-modified/results/logs/cwt_shard1_3454832.log
  shard 2/3 -> GPU 1 -> /work/11862/rmaahin/ls6/FineMI-enhancements/CWT-modified/results/logs/cwt_shard2_3454832.log
  shard 3/3 -> GPU 2 -> /work/11862/rmaahin/ls6/FineMI-enhancements/CWT-modified/results/logs/cwt_shard3_3454832.log
ARM 'cwt' finished Sat Sep 19 02:19:23 CDT 2026

Aggregating...
loaded raw=28 pairs, cwt=28 pairs

=== PER-PAIR (accuracy %, pooled over folds; raw = decimated 0.5-3 Hz, cwt = Morlet 0.5-3 Hz) ===
   pair proximity  n_subj  shallow  fine_paper  raw_acc  cwt_acc   delta  n_better  cohen_dz     p  p_fdr
HOC/SPS   distant      18    65.49       68.51   72.616   67.971  -4.645         4    -0.461 0.067  0.087
HOC/SAA   distant      18    63.13       67.85   75.316   67.400  -7.917         4    -0.726 0.010  0.042
WFE/SPS   distant      18    61.81       63.35   70.556   65.031  -5.525         6    -0.537 0.043  0.076
WFE/SAA   distant      18    59.44       65.01   70.432   65.015  -5.417         4    -0.506 0.055  0.082
WAA/SAA   distant      18    60.56       63.06   70.347   64.321  -6.026         2    -0.515 0.017  0.043
WFE/WAA      same      18    56.88       60.12   67.122   64.074  -3.048         7    -0.438 0.164  0.184
HOC/SFE   distant      18    63.37       65.17   69.809   63.988  -5.820         6    -0.518 0.049  0.081
EPS/SPS  adjacent      18    59.24       62.25   67.099   63.904  -3.194         4    -0.487 0.075  0.091
HOC/WAA  adjacent      18    56.88       60.32   67.253   63.711  -3.542         7    -0.267 0.347  0.373
WAA/SFE   distant      18    56.83       63.57   69.231   63.687  -5.544         5    -0.540 0.036  0.067
EPS/SFE  adjacent      18    58.97       61.68   68.280   63.180  -5.100         7    -0.518 0.054  0.082
EFE/SPS  adjacent      18    58.61       58.83   69.028   62.454  -6.574         4    -0.693 0.017  0.043
HOC/EPS  adjacent      18    56.32       57.97   63.125   61.952  -1.173         7    -0.130 0.468  0.486
WAA/SPS   distant      18    59.72       63.85   69.938   61.767  -8.171         2    -1.063 0.002  0.028
HOC/EFE  adjacent      18    61.18       62.23   69.066   61.543  -7.523         2    -0.817 0.005  0.029
EPS/SAA  adjacent      18    55.69       62.95   66.759   61.003  -5.756         6    -0.494 0.068  0.087
SPS/SFE      same      18    59.97       57.08   68.958   60.981  -7.977         4    -0.731 0.003  0.028
WAA/EFE  adjacent      18    57.85       59.12   67.832   60.949  -6.883         6    -0.587 0.024  0.049
EFE/SAA  adjacent      18    56.88       58.73   70.810   60.895  -9.915         5    -0.713 0.012  0.042
HOC/WFE  adjacent      18    55.90       56.41   61.103   60.455  -0.648        11    -0.080 0.865  0.865
SAA/SFE      same      18    56.02       53.37   63.158   59.042  -4.115         5    -0.516 0.059  0.082
WFE/SFE   distant      18    61.14       61.66   66.657   58.916  -7.742         3    -0.591 0.025  0.049
EFE/SFE  adjacent      18    58.23       58.11   69.983   58.405 -11.578         2    -1.326 0.000  0.001
SPS/SAA      same      18    57.36       55.50   67.515   58.356  -9.159         3    -0.805 0.004  0.028
WFE/EFE  adjacent      18    56.60       57.38   63.472   58.125  -5.347         4    -0.432 0.088  0.103
WFE/EPS  adjacent      18    56.25       54.95   62.631   57.824  -4.807         2    -0.765 0.007  0.033
WAA/EPS  adjacent      18    52.22       55.41   62.569   57.631  -4.938         4    -0.611 0.021  0.049
EPS/EFE      same      18    53.89       56.30   63.164   56.636  -6.528         3    -0.611 0.016  0.043

=== EXTRA METRICS ===
   pair  raw_acc  raw_kappa  raw_f1  raw_sens  raw_spec  cwt_acc  cwt_kappa  cwt_f1  cwt_sens  cwt_spec
HOC/SPS   72.616      0.452  72.592    72.407    72.824   67.971      0.359  67.840    66.451    69.491
HOC/SAA   75.316      0.506  75.269    75.494    75.139   67.400      0.348  67.263    68.380    66.420
WFE/SPS   70.556      0.411  70.511    69.784    71.327   65.031      0.301  64.956    64.660    65.401
WFE/SAA   70.432      0.409  70.337    70.602    70.262   65.015      0.300  64.882    65.000    65.031
WAA/SAA   70.347      0.407  70.207    69.599    71.096   64.321      0.286  64.246    64.506    64.136
WFE/WAA   67.122      0.342  67.022    67.114    67.130   64.074      0.282  63.988    63.858    64.290
HOC/SFE   69.809      0.396  69.721    69.127    70.494   63.988      0.280  63.812    63.996    63.982
EPS/SPS   67.099      0.342  67.061    67.145    67.052   63.904      0.278  63.863    63.488    64.321
HOC/WAA   67.253      0.345  67.060    69.275    65.232   63.711      0.274  63.581    63.071    64.352
WAA/SFE   69.231      0.385  69.098    69.408    69.059   63.687      0.274  63.519    60.829    66.559
EPS/SFE   68.280      0.366  68.212    68.403    68.164   63.180      0.264  63.070    62.791    63.580
EFE/SPS   69.028      0.381  68.980    69.722    68.333   62.454      0.249  62.316    61.142    63.765
HOC/EPS   63.125      0.262  62.984    62.593    63.657   61.952      0.239  61.811    60.262    63.642
WAA/SPS   69.938      0.399  69.832    67.886    71.991   61.767      0.235  61.644    61.142    62.392
HOC/EFE   69.066      0.381  69.014    68.441    69.691   61.543      0.231  61.345    61.651    61.435
EPS/SAA   66.759      0.335  66.673    67.315    66.204   61.003      0.220  60.875    60.478    61.528
SPS/SFE   68.958      0.379  68.925    69.000    68.920   60.981      0.220  60.856    58.535    63.441
WAA/EFE   67.832      0.357  67.750    67.022    68.642   60.949      0.219  60.882    59.228    62.670
EFE/SAA   70.810      0.416  70.770    71.389    70.232   60.895      0.218  60.674    62.469    59.321
HOC/WFE   61.103      0.222  60.944    59.846    62.361   60.455      0.209  60.297    59.892    61.018
SAA/SFE   63.158      0.263  63.101    63.969    62.346   59.042      0.181  58.920    57.117    60.972
WFE/SFE   66.657      0.333  66.568    67.042    66.265   58.916      0.178  58.713    57.007    60.833
EFE/SFE   69.983      0.400  69.939    69.034    70.941   58.405      0.168  58.239    58.945    57.870
SPS/SAA   67.515      0.350  67.432    66.374    68.657   58.356      0.167  58.216    57.840    58.874
WFE/EFE   63.472      0.269  63.408    63.040    63.904   58.125      0.162  57.967    58.920    57.330
WFE/EPS   62.631      0.253  62.550    61.651    63.611   57.824      0.156  57.737    56.667    58.982
WAA/EPS   62.569      0.251  62.457    61.126    64.012   57.631      0.153  57.419    59.630    55.633
EPS/EFE   63.164      0.263  63.093    63.040    63.287   56.636      0.133  56.464    58.441    54.830

accuracy definition check: pooled vs mean-of-folds differs by at most 0.0130 pp across pairs (paper uses mean-of-folds)

=== CWT - RAW by joint proximity ===
           count   mean    std
proximity                     
adjacent      14 -5.498  2.988
distant        9 -6.312  1.284
same           5 -6.165  2.564

overall: CWT beats raw on 0/28 pairs, mean delta -5.879 pp
pair-level paired Wilcoxon: p=7.451e-09, dz=-2.418, rank-biserial=-1.000
per-pair significance: 17 uncorrected, 14 after BH-FDR, 1 after Holm  (of 28)
raw vs ShallowConvNet (8-30 Hz paper): better on 28/28 pairs (mean +9.19 pp) [reference only]
cwt vs ShallowConvNet (8-30 Hz paper): better on 27/28 pairs (mean +3.31 pp) [reference only]
raw vs FINE (8-30 Hz paper)          : better on 28/28 pairs (mean +7.25 pp) [reference only]
cwt vs FINE (8-30 Hz paper)          : better on 21/28 pairs (mean +1.37 pp) [reference only]

=== PER-SUBJECT across task pairs (the paper's Fig. 3) ===
mode  subject  mean    sd  n_pairs
 cwt        1 54.40  5.13       28
 cwt        2 61.03  7.91       28
 cwt        3 59.38  6.33       28
 cwt        4 69.33  9.09       28
 cwt        5 60.32  7.57       28
 cwt        6 58.93  6.66       28
 cwt        7 66.07  7.01       28
 cwt        8 56.03  6.30       28
 cwt        9 58.44 11.01       28
 cwt       10 62.46  8.72       28
 cwt       11 69.96  8.54       28
 cwt       12 62.54  6.26       28
 cwt       13 56.34  6.80       28
 cwt       14 59.24  8.94       28
 cwt       15 62.10 11.65       28
 cwt       16 60.71 11.64       28
 cwt       17 53.48  6.26       28
 cwt       18 80.89 11.70       28
 raw        1 61.19  6.97       28
 raw        2 64.96  9.06       28
 raw        3 75.31  7.89       28
 raw        4 79.73 10.39       28
 raw        5 72.66  9.85       28
 raw        6 67.05  6.97       28
 raw        7 75.22  9.67       28
 raw        8 56.21  6.89       28
 raw        9 60.76  4.96       28
 raw       10 66.43 12.59       28
 raw       11 69.38  7.72       28
 raw       12 67.68  7.67       28
 raw       13 66.56  7.49       28
 raw       14 65.45  9.14       28
 raw       15 66.88  8.97       28
 raw       16 56.52  8.66       28
 raw       17 61.92  6.61       28
 raw       18 83.57  8.92       28

wrote comparison_table.csv, per_pair_summary.csv, per_subject_summary.csv, metrics_long.csv -> /work/11862/rmaahin/ls6/FineMI-enhancements/CWT-modified/results
All done Sat Sep 19 02:20:05 CDT 2026: results/comparison_table.csv, per_pair_summary.csv, per_subject_summary.csv
