Job:          3455717
Node:         c301-004.ls6.tacc.utexas.edu
Partition:    gpu-a100-dev
Started:      Sat Sep 19 10:13:26 CDT 2026
Mode:         smoke
Models:       conformer_a conformer_b conformer_b_cwt
Pairs:        3 selected, 3 with runs still to do
Pending:      HOC_WFE WAA_SAA EPS_SPS
Overwrite:    1
Dataset:      /scratch/11862/rmaahin/finemi-dataset/FineMI_0.5_3hz (18 files)
Decimation:   D=5 (250 -> 50 Hz)
Results:      /work/11862/rmaahin/ls6/FineMI-enhancements/Conformer_decimated_CWT/results/smoke
Venv:         /scratch/11862/rmaahin/venvs/fine
GPUs:
GPU 0: NVIDIA A100-PCIE-40GB (UUID: GPU-bc48391b-c6ad-685d-9607-fd02aff2e8d6)
GPU 1: NVIDIA A100-PCIE-40GB (UUID: GPU-da07da9d-6305-11d9-5b72-799f42474172)
GPU 2: NVIDIA A100-PCIE-40GB (UUID: GPU-ca6a9400-eafa-2b23-33a0-362266b830e6)

Step 1: preflight Sat Sep 19 10:13:26 CDT 2026
========================================================================
PREFLIGHT  models=['conformer_a', 'conformer_b', 'conformer_b_cwt']  dataset=/scratch/11862/rmaahin/finemi-dataset/FineMI_0.5_3hz
  decim 5: 250 -> 50 Hz | windows [800, 1500, 3000, 4000] ms = [40, 75, 150, 200] samples | full: 5 folds x 50 epochs
========================================================================

--- packages ---
[ok]   packages: python 3.9.7, torch 2.8.0+cu128, numpy 2.0.2, scipy 1.13.1, sklearn 1.6.1, pandas 2.3.3  (3.2s)

--- cuda ---
[ok]   cuda: NVIDIA A100-PCIE-40GB, 42.4 GB, cuda 12.8, visible devices 1  (0.3s)

--- results folder writable ---
[ok]   results folder writable: /work/11862/rmaahin/ls6/FineMI-enhancements/Conformer_decimated_CWT/results/smoke  (0.0s)

--- pairs ---
[ok]   pairs: 28 pairs, HOC_WFE ... SAA_SFE  (0.0s)

--- data (all subjects) ---

Found 18 subject .npz files (0.5_3hz) in /scratch/11862/rmaahin/finemi-dataset/FineMI_0.5_3hz; decimating by 5
[ok]   data (all subjects): 18 subjects, (C=62, T=226 @ 50 Hz, was 1126), trials/class 40-45  (18.0s)

--- cwt front-end ---
bank 0.50-3.00 Hz x24 @ 50 Hz | kernel K=479 (9.6 s), pad=239
[ok]   cwt front-end: 24 kernels ok, peaks ok, windows [40, 75, 150, 200] -> (C, 24, T) finite  (3.0s)

--- models x windows (full config) ---
  conformer_a        800 ms  T= 40  input (62, 40)  tokens   9  params   153,978  peak 0.12 GB
  conformer_a       1500 ms  T= 75  input (62, 75)  tokens  21  params   169,338  peak 0.18 GB
  conformer_a       3000 ms  T=150  input (62, 150)  tokens  46  params   201,338  peak 0.28 GB
  conformer_a       4000 ms  T=200  input (62, 200)  tokens  62  params   221,818  peak 0.34 GB
  conformer_b        800 ms  T= 40  input (62, 40)  tokens  13  params   260,034  peak 0.08 GB
  conformer_b       1500 ms  T= 75  input (62, 75)  tokens  25  params   260,034  peak 0.09 GB
  conformer_b       3000 ms  T=150  input (62, 150)  tokens  50  params   260,034  peak 0.11 GB
  conformer_b       4000 ms  T=200  input (62, 200)  tokens  66  params   260,034  peak 0.13 GB
  conformer_b_cwt    800 ms  T= 40  input (62, 24, 40)  tokens  13  params   395,330  peak 1.06 GB
  conformer_b_cwt   1500 ms  T= 75  input (62, 24, 75)  tokens  25  params   395,330  peak 2.04 GB
  conformer_b_cwt   3000 ms  T=150  input (62, 24, 150)  tokens  50  params   395,330  peak 2.04 GB
  conformer_b_cwt   4000 ms  T=200  input (62, 24, 200)  tokens  66  params   395,330  peak 2.04 GB
[ok]   models x windows (full config): 12 model x window combinations build, train and evaluate  (53.0s)

--- determinism ---
[ok]   determinism: bit-identical weights after 3 steps for conformer_a, conformer_b, conformer_b_cwt  (0.5s)
  full-mode fold: train 108 (incl. augmentation), val 18, test 18; 18 subjects x 5 folds

--- timing projection (full sweep) ---
  conformer_a        800 ms: epoch    40.8 ms, front-end     0.0 ms ->   3.21 min per pair
  conformer_a       1500 ms: epoch    42.0 ms, front-end     0.0 ms ->   3.31 min per pair
  conformer_a       3000 ms: epoch    48.1 ms, front-end     0.0 ms ->   3.79 min per pair
  conformer_a       4000 ms: epoch    50.9 ms, front-end     0.0 ms ->   4.01 min per pair
  conformer_a      total:   14.3 min per pair
  conformer_b        800 ms: epoch    53.6 ms, front-end     0.0 ms ->   4.22 min per pair
  conformer_b       1500 ms: epoch    53.9 ms, front-end     0.0 ms ->   4.24 min per pair
  conformer_b       3000 ms: epoch    54.8 ms, front-end     0.0 ms ->   4.32 min per pair
  conformer_b       4000 ms: epoch    54.6 ms, front-end     0.0 ms ->   4.30 min per pair
  conformer_b      total:   17.1 min per pair
  conformer_b_cwt    800 ms: epoch    58.9 ms, front-end   141.1 ms ->   4.85 min per pair
  conformer_b_cwt   1500 ms: epoch    63.0 ms, front-end    97.1 ms ->   5.11 min per pair
  conformer_b_cwt   3000 ms: epoch    80.3 ms, front-end   137.8 ms ->   6.53 min per pair
  conformer_b_cwt   4000 ms: epoch    86.8 ms, front-end   168.9 ms ->   7.09 min per pair
  conformer_b_cwt  total:   23.6 min per pair
[ok]   timing projection (full sweep): 55 min per pair (all models) x 10 pairs on the busiest of 3 GPUs -> ~10.2 h projected, walltime 24 h  (5.5s)

========================================================================
  [ok  ] packages: python 3.9.7, torch 2.8.0+cu128, numpy 2.0.2, scipy 1.13.1, sklearn 1.6.1, pandas 2.3.3
  [ok  ] cuda: NVIDIA A100-PCIE-40GB, 42.4 GB, cuda 12.8, visible devices 1
  [ok  ] results folder writable: /work/11862/rmaahin/ls6/FineMI-enhancements/Conformer_decimated_CWT/results/smoke
  [ok  ] pairs: 28 pairs, HOC_WFE ... SAA_SFE
  [ok  ] data (all subjects): 18 subjects, (C=62, T=226 @ 50 Hz, was 1126), trials/class 40-45
  [ok  ] cwt front-end: 24 kernels ok, peaks ok, windows [40, 75, 150, 200] -> (C, 24, T) finite
  [ok  ] models x windows (full config): 12 model x window combinations build, train and evaluate
  [ok  ] determinism: bit-identical weights after 3 steps for conformer_a, conformer_b, conformer_b_cwt
  [ok  ] timing projection (full sweep): 55 min per pair (all models) x 10 pairs on the busiest of 3 GPUs -> ~10.2 h projected, walltime 24 h
========================================================================
PREFLIGHT PASSED

Step 2: training Sat Sep 19 10:15:00 CDT 2026
GPU 0: pairs=[HOC_WFE] models=[conformer_a conformer_b conformer_b_cwt] -> results/smoke/logs/gpu0_3455717.log
GPU 1: pairs=[WAA_SAA] models=[conformer_a conformer_b conformer_b_cwt] -> results/smoke/logs/gpu1_3455717.log
GPU 2: pairs=[EPS_SPS] models=[conformer_a conformer_b conformer_b_cwt] -> results/smoke/logs/gpu2_3455717.log
Workers launched: PIDs 1068852 1068853 1068854
Workers finished: Sat Sep 19 10:15:41 CDT 2026

Step 3: comparison table Sat Sep 19 10:15:41 CDT 2026

comparison written to /work/11862/rmaahin/ls6/FineMI-enhancements/Conformer_decimated_CWT/results/smoke/comparison
window                     800   1500   3000   4000    avg
pair    model                                             
HOC_WFE conformer_a      54.51  56.39  48.19  51.53  52.66
        conformer_b      50.56  49.58  47.15  43.54  47.71
        conformer_b_cwt  48.40  46.94  52.57  52.64  50.14
WAA_SAA conformer_a      59.72  62.01  63.82  61.81  61.84
        conformer_b      55.76  54.93  50.90  55.21  54.20
        conformer_b_cwt  55.90  47.01  48.26  53.54  51.18
EPS_SPS conformer_a      49.65  66.39  58.75  60.56  58.84
        conformer_b      50.14  50.14  52.57  53.33  51.55
        conformer_b_cwt  48.61  54.86  54.72  51.67  52.47

pooled over 3 pairs (mean accuracy):
window             800   1500   3000   4000    avg
model                                             
conformer_a      54.63  61.60  56.92  57.96  57.78
conformer_b      52.15  51.55  50.21  50.69  51.15
conformer_b_cwt  50.97  49.61  51.85  52.62  51.26

Computing paired statistics...
paired_stats written to /work/11862/rmaahin/ls6/FineMI-enhancements/Conformer_decimated_CWT/results/smoke/comparison
                     diff  p_ttest  p_holm  n_x_better  n_y_better
contrast  window                                                  
A - B     800      2.4769   0.7280  1.0000           1           1
          1500    10.0463   0.1580  1.0000           2           0
          3000     6.7130   0.0743  0.8916           2           0
          4000     7.2685   0.0203  0.3040           2           0
          avg      6.6262   0.0933  1.0000           2           0
B+CWT - B 800     -1.1806   0.0374  0.4863           0           2
          1500    -1.9444   0.6392  1.0000           1           1
          3000     1.6435   0.5713  1.0000           1           1
          4000     1.9213   0.8370  1.0000           1           1
          avg      0.1100   0.9777  1.0000           1           1
B+CWT - A 800     -3.6574   0.6269  1.0000           1           1
          1500   -11.9907   0.0270  0.3783           0           2
          3000    -5.0694   0.3258  1.0000           0           2
          4000    -5.3472   0.6085  1.0000           1           1
          avg     -6.5162   0.3582  1.0000           0           2

Step 4: checking outputs Sat Sep 19 10:15:45 CDT 2026
check_results (smoke): 9/9 pair x model runs present, expecting 2 subjects each
CHECK PASSED: every run and table is complete
Resume check passed: finished runs are recognized and would be skipped.

SMOKE TEST PASSED Sat Sep 19 10:15:46 CDT 2026
Full-sweep projection: see the 'timing projection' line in results/smoke/logs/preflight_3455717.log
Next: sbatch submit_ls6.slurm   (from /work/11862/rmaahin/ls6/FineMI-enhancements/Conformer_decimated_CWT, with MODE and PAIRS unset)
